// Jest Snapshot v1, https://goo.gl/fbAQLP

exports[`<About /> component snapshop of the DOM 1`] = `
<div>
  <div
    className="logo-container"
  >
    <div
      className="coquill"
    >
      COQUILL
    </div>
    <img
      alt="logo"
      className="about-img"
      src="https://img00.deviantart.net/3b69/i/2015/125/6/f/burnt_quill_s_cutie_mark_final_version_by_burntquill-d8j1is9.png"
    />
  </div>
  <div
    className="about-container"
  >
    <p
      className="about"
    >
      Coquill is a real-time collaborative text editor for writing screenplays. Based on your selection, the editor will automatically format your text and provide text styling if need be. Once you have created a screenplay, the editor will project colors on the page which map to the context of your text.
    </p>
    <a
      href="/screenplays"
      onClick={[Function]}
    >
      <button
        className="start-button"
      >
        Get Started Now!
      </button>
    </a>
  </div>
</div>
`;
